Microchip MPLAB XC8 Compiler V2.40

Linker command line:

-W-3 \
  --edf=C:\Program Files\Microchip\xc8\v2.40\pic\dat\20220703182018_en.msgs \
  -cn -h+dist/default/production\SPI-Master.X.production.sym \
  --cmf=dist/default/production\SPI-Master.X.production.cmf -z -Q16F887 \
  -oC:\Users\pablo\AppData\Local\Temp\xcAs11mk.4 --defsym=__MPLAB_BUILD=1 \
  --fixupoverflow=error \
  -Mdist/default/production/SPI-Master.X.production.map \
  --md=C:\Users\pablo\AppData\Local\Temp\xcAs11mk.dat -E1 -ver=XC8 Compiler \
  --acfsm=1493 -ACODE=00h-07FFhx4 -ASTRCODE=00h-01FFFh -ASTRING=00h-0FFhx32 \
  -ACONST=00h-0FFhx32 -AENTRY=00h-0FFhx32 -ACOMMON=070h-07Fh \
  -ABANK0=020h-06Fh -ABANK1=0A0h-0EFh -ABANK2=0110h-016Fh \
  -ABANK3=0190h-01EFh -ARAM=020h-06Fh,0A0h-0EFh,0110h-016Fh,0190h-01EFh \
  -AABS1=020h-07Fh,0A0h-0EFh,0110h-016Fh,0190h-01EFh -ASFR0=00h-01Fh \
  -ASFR1=080h-09Fh -ASFR2=0100h-010Fh -ASFR3=0180h-018Fh \
  -ACONFIG=02007h-02008h -DCONFIG=2 -AIDLOC=02000h-02003h -DIDLOC=2 \
  -AEEDATA=00h-0FFh/02100h -peeprom_data=EEDATA -DEEDATA=2 -DCODE=2 \
  -DSTRCODE=2 -DSTRING=2 -DCONST=2 -DENTRY=2 \
  -preset_vec=00h,intentry,init,end_init -ppowerup=CODE -pcinit=CODE \
  -pfunctab=ENTRY -k C:\Users\pablo\AppData\Local\Temp\xcAs11mk.o \
  dist/default/production\SPI-Master.X.production.o 

Object code version is 3.11

Machine type is 16F887



                Name                               Link     Load   Length Selector   Space Scale
C:\Users\pablo\AppData\Local\Temp\xcAs11mk.o
                end_init                              0        0        3        0       0
                config                             2007     2007        2        0       4
                idloc                              2000     2000        4        0       5
dist/default/production\SPI-Master.X.production.o
                cinit                               7F6      7F6        A      FEC       0
                config                             2007     2007        2        0       4
                idloc                              2000     2000        4        0       5
                text14                              68D      68D       88      D1A       0
                text13                              497      497       1A      92E       0
                text12                              51E      51E       42      A3C       0
                text11                              4B1      4B1       20      962       0
                text10                              46B      46B       16      8D6       0
                text9                               4D1      4D1       25      9A2       0
                text8                               5B9      5B9       69      B72       0
                text7                               560      560       59      AC0       0
                text6                               622      622       6B      C44       0
                text5                               481      481       16      902       0
                text4                               4F6      4F6       28      9EC       0
                text3                               45B      45B        7      8B6       0
                text2                               462      462        9      8C4       0
                text1                               455      455        6      8AA       0
                maintext                            715      715       E1      E2A       0
                cstackBANK0                          20       20        F       20       1
                cstackCOMMON                         70       70        C       70       1
                bssBANK0                             2F       2F        2       20       1
                bssCOMMON                            7C       7C        2       70       1
                strings                               3        3       1D        6       0

TOTAL           Name                               Link     Load   Length     Space
        CLASS   CODE           
                end_init                              0        0        3         0
                cinit                               7F6      7F6        A         0
                text14                              68D      68D       88         0
                text13                              497      497       1A         0
                text12                              51E      51E       42         0
                text11                              4B1      4B1       20         0
                text10                              46B      46B       16         0
                text9                               4D1      4D1       25         0
                text8                               5B9      5B9       69         0
                text7                               560      560       59         0
                text6                               622      622       6B         0
                text5                               481      481       16         0
                text4                               4F6      4F6       28         0
                text3                               45B      45B        7         0
                text2                               462      462        9         0
                text1                               455      455        6         0
                maintext                            715      715       E1         0

        CLASS   STRCODE        

        CLASS   STRING         
                strings                               3        3       1D         0

        CLASS   CONST          

        CLASS   ENTRY          

        CLASS   COMMON         
                cstackCOMMON                         70       70        C         1
                bssCOMMON                            7C       7C        2         1

        CLASS   BANK0          
                cstackBANK0                          20       20        F         1
                bssBANK0                             2F       2F        2         1

        CLASS   BANK1          

        CLASS   BANK2          

        CLASS   BANK3          

        CLASS   RAM            

        CLASS   ABS1           
                abs_s1                               7E       7E        2         1

        CLASS   SFR0           

        CLASS   SFR1           

        CLASS   SFR2           

        CLASS   SFR3           

        CLASS   CONFIG         
                config                             2007     2007        2         4

        CLASS   IDLOC          
                idloc                              2000     2000        4         5

        CLASS   EEDATA         

        CLASS   STACK          



SEGMENTS        Name                           Load    Length   Top    Selector   Space  Class     Delta

                reset_vec                      000000  000003  000003         0       0  CODE        2
                strings                        000003  00001D  000020         6       0  STRING      2
                cstackBANK0                    000020  000011  000031        20       1  BANK0       1
                cstackCOMMON                   000070  00000E  00007E        70       1  COMMON      1
                text1                          000455  000006  00045B       8AA       0  CODE        2
                text3                          00045B  000007  000462       8B6       0  CODE        2
                text2                          000462  000009  00046B       8C4       0  CODE        2
                text10                         00046B  000016  000481       8D6       0  CODE        2
                text5                          000481  000016  000497       902       0  CODE        2
                text13                         000497  00001A  0004B1       92E       0  CODE        2
                text11                         0004B1  000020  0004D1       962       0  CODE        2
                text9                          0004D1  000025  0004F6       9A2       0  CODE        2
                text4                          0004F6  000028  00051E       9EC       0  CODE        2
                text12                         00051E  000042  000560       A3C       0  CODE        2
                text7                          000560  000059  0005B9       AC0       0  CODE        2
                text8                          0005B9  000069  000622       B72       0  CODE        2
                text6                          000622  00006B  00068D       C44       0  CODE        2
                text14                         00068D  000088  000715       D1A       0  CODE        2
                maintext                       000715  0000E1  0007F6       E2A       0  CODE        2
                cinit                          0007F6  00000A  000800       FEC       0  CODE        2


UNUSED ADDRESS RANGES

        Name                Unused          Largest block    Delta
        BANK0            0031-006F             3F           1
        BANK1            00A0-00EF             50           1
        BANK2            0110-016F             60           1
        BANK3            0190-01EF             60           1
        CODE             0020-0454            435           2
                         0800-1FFF            800
        CONST            0020-0454            100           2
                         0800-1FFF            100
        EEDATA           2100-21FF            100           2
        ENTRY            0020-0454            100           2
                         0800-1FFF            100
        RAM              0031-006F             3F           1
                         00A0-00EF             50
                         0110-016F             60
                         0190-01EF             60
        SFR0             0000-001F             20           1
        SFR1             0080-009F             20           1
        SFR2             0100-010F             10           1
        SFR3             0180-018F             10           1
        STRCODE          0020-0454            435           2
                         0800-1FFF           1800
        STRING           0020-0454            100           2
                         0800-1FFF            100

                                  Symbol Table

?___awdiv                    cstackCOMMON 0077
?___awmod                    cstackCOMMON 0070
LcdALL_Cmd@a                 cstackCOMMON 0075
LcdALL_Port@a                cstackCOMMON 0072
LcdALL_Set_Cursor@a          cstackCOMMON 0077
LcdALL_Set_Cursor@b          cstackCOMMON 0076
LcdALL_Set_Cursor@temp       cstackCOMMON 0078
LcdALL_Write_Char@a          cstackCOMMON 0074
LcdALL_Write_String@a        cstackCOMMON 0077
LcdALL_Write_String@i        cstackCOMMON 0075
LcdALL_set_value@byte_value  cstackBANK0  0024
LcdALL_set_value@centenas    cstackBANK0  0026
LcdALL_set_value@decenas     cstackBANK0  0028
LcdALL_set_value@unidades    cstackBANK0  002A
_ADC                         bssCOMMON    007D
_ANSEL                       (abs)        0188
_ANSELH                      (abs)        0189
_CONT                        bssBANK0     0030
_LcdALL_Cmd                  text13       0497
_LcdALL_Init                 text12       051E
_LcdALL_Port                 text14       068D
_LcdALL_Set_Cursor           text11       04B1
_LcdALL_Write_Char           text10       046B
_LcdALL_Write_String         text9        04D1
_LcdALL_set_value            text6        0622
_OSCCONbits                  (abs)        008F
_PORTA                       (abs)        0005
_PORTB                       (abs)        0006
_PORTBbits                   (abs)        0006
_PORTCbits                   (abs)        0007
_PORTD                       (abs)        0008
_PORTEbits                   (abs)        0009
_SSPBUF                      (abs)        0013
_SSPCON                      (abs)        0014
_SSPSTAT                     (abs)        0094
_SSPSTATbits                 (abs)        0094
_TEMP                        bssBANK0     002F
_TRISA                       (abs)        0085
_TRISB                       (abs)        0086
_TRISC1                      (abs)        0439
_TRISC2                      (abs)        043A
_TRISC3                      (abs)        043B
_TRISC5                      (abs)        043D
_TRISD                       (abs)        0088
_TRISE                       (abs)        0089
__Habs1                      abs1         0000
__Hbank0                     bank0        0000
__Hbank1                     bank1        0000
__Hbank2                     bank2        0000
__Hbank3                     bank3        0000
__HbssBANK0                  bssBANK0     0000
__HbssCOMMON                 bssCOMMON    0000
__Hcinit                     cinit        0800
__Hclrtext                   clrtext      0000
__Hcode                      code         0000
__Hcommon                    common       0000
__Hconfig                    config       2009
__HcstackBANK0               cstackBANK0  0000
__HcstackCOMMON              cstackCOMMON 0000
__Heeprom_data               eeprom_data  0000
__Hend_init                  end_init     0003
__Hfunctab                   functab      0000
__Hidloc                     idloc        2004
__Hinit                      init         0000
__Hintentry                  intentry     0000
__Hmaintext                  maintext     0000
__Hpowerup                   powerup      0000
__Hram                       ram          0000
__Hreset_vec                 reset_vec    0000
__Hsfr0                      sfr0         0000
__Hsfr1                      sfr1         0000
__Hsfr2                      sfr2         0000
__Hsfr3                      sfr3         0000
__Hspace_0                   (abs)        0800
__Hspace_1                   (abs)        007E
__Hspace_2                   (abs)        0000
__Hspace_3                   (abs)        0000
__Hspace_4                   (abs)        4010
__Hstack                     stack        0000
__Hstrings                   strings      0000
__Htext                      text         0000
__Labs1                      abs1         0000
__Lbank0                     bank0        0000
__Lbank1                     bank1        0000
__Lbank2                     bank2        0000
__Lbank3                     bank3        0000
__LbssBANK0                  bssBANK0     0000
__LbssCOMMON                 bssCOMMON    0000
__Lcinit                     cinit        07F6
__Lclrtext                   clrtext      0000
__Lcode                      code         0000
__Lcommon                    common       0000
__Lconfig                    config       0000
__LcstackBANK0               cstackBANK0  0000
__LcstackCOMMON              cstackCOMMON 0000
__Leeprom_data               eeprom_data  0000
__Lend_init                  end_init     0000
__Lfunctab                   functab      0000
__Lidloc                     idloc        0000
__Linit                      init         0000
__Lintentry                  intentry     0000
__Lmaintext                  maintext     0000
__Lpowerup                   powerup      0000
__Lram                       ram          0000
__Lreset_vec                 reset_vec    0000
__Lsfr0                      sfr0         0000
__Lsfr1                      sfr1         0000
__Lsfr2                      sfr2         0000
__Lsfr3                      sfr3         0000
__Lspace_0                   (abs)        0000
__Lspace_1                   (abs)        0000
__Lspace_2                   (abs)        0000
__Lspace_3                   (abs)        0000
__Lspace_4                   (abs)        0000
__Lstack                     stack        0000
__Lstrings                   strings      0000
__Ltext                      text         0000
__S0                         (abs)        0800
__S1                         (abs)        007E
__S3                         (abs)        0000
___awdiv                     text8        05B9
___awdiv@counter             cstackBANK0  0020
___awdiv@dividend            cstackCOMMON 0079
___awdiv@divisor             cstackCOMMON 0077
___awdiv@quotient            cstackBANK0  0022
___awdiv@sign                cstackBANK0  0021
___awmod                     text7        0560
___awmod@counter             cstackCOMMON 0075
___awmod@dividend            cstackCOMMON 0072
___awmod@divisor             cstackCOMMON 0070
___awmod@sign                cstackCOMMON 0076
___int_sp                    stack        0000
___latbits                   (abs)        0002
___sp                        stack        0000
___stackhi                   (abs)        0000
___stacklo                   (abs)        0000
__end_of_LcdALL_Cmd          text13       04B1
__end_of_LcdALL_Init         text12       0560
__end_of_LcdALL_Port         text14       0715
__end_of_LcdALL_Set_Cursor   text11       04D1
__end_of_LcdALL_Write_Char   text10       0481
__end_of_LcdALL_Write_String text9        04F6
__end_of_LcdALL_set_value    text6        068D
__end_of___awdiv             text8        0622
__end_of___awmod             text7        05B9
__end_of__initialization     cinit        07FC
__end_of__stringtab          strings      0009
__end_of_main                maintext     07F6
__end_of_setup               text4        051E
__end_of_spiInit             text5        0497
__end_of_spiRead             text2        046B
__end_of_spiReceiveWait      text3        0462
__end_of_spiWrite            text1        045B
__initialization             cinit        07F6
__pbssBANK0                  bssBANK0     002F
__pbssCOMMON                 bssCOMMON    007C
__pcstackBANK0               cstackBANK0  0020
__pcstackCOMMON              cstackCOMMON 0070
__pmaintext                  maintext     0715
__pstrings                   strings      0003
__ptext1                     text1        0455
__ptext10                    text10       046B
__ptext11                    text11       04B1
__ptext12                    text12       051E
__ptext13                    text13       0497
__ptext14                    text14       068D
__ptext2                     text2        0462
__ptext3                     text3        045B
__ptext4                     text4        04F6
__ptext5                     text5        0481
__ptext6                     text6        0622
__ptext7                     text7        0560
__ptext8                     text8        05B9
__ptext9                     text9        04D1
__stringbase                 strings      0008
__stringtab                  strings      0003
_main                        maintext     0715
_modo                        bssCOMMON    007C
_setup                       text4        04F6
_spiInit                     text5        0481
_spiRead                     text2        0462
_spiReceiveWait              text3        045B
_spiWrite                    text1        0455
btemp                        (abs)        007E
end_of_initialization        cinit        07FC
intlevel0                    functab      0000
intlevel1                    functab      0000
intlevel2                    functab      0000
intlevel3                    functab      0000
intlevel4                    functab      0000
intlevel5                    functab      0000
reset_vec                    reset_vec    0000
spiInit@sClockIdle           cstackCOMMON 0071
spiInit@sDataSample          cstackCOMMON 0070
spiInit@sTransmitEdge        cstackCOMMON 0072
spiInit@sType                cstackCOMMON 0073
spiWrite@dat                 cstackCOMMON 0070
start                        init         0000
start_initialization         cinit        07F6
wtemp0                       (abs)        007E


MODULE INFORMATION

Module		Function		Class		Link	Load	Size
LCD_ALL.c
		_LcdALL_Cmd    		CODE           	0497	0000	26
		_LcdALL_Init   		CODE           	051E	0000	66
		_LcdALL_Port   		CODE           	068D	0000	136
		_LcdALL_Write_String		CODE           	04D1	0000	37
		_LcdALL_set_value		CODE           	0622	0000	107
		_LcdALL_Write_Char		CODE           	046B	0000	22
		_LcdALL_Set_Cursor		CODE           	04B1	0000	32

LCD_ALL.c estimated size: 426

C:\Program Files\Microchip\xc8\v2.40\pic\sources\c90\common\awdiv.c
		___awdiv       		CODE           	05B9	0000	105

C:\Program Files\Microchip\xc8\v2.40\pic\sources\c90\common\awdiv.c estimated size: 105

shared
		__stringtab    		STRING         	0003	0000	6
		__initialization		CODE           	07F6	0000	6

shared estimated size: 12

SPI.c
		_spiWrite      		CODE           	0455	0000	6
		_spiInit       		CODE           	0481	0000	22
		_spiReceiveWait		CODE           	045B	0000	7
		_spiRead       		CODE           	0462	0000	9

SPI.c estimated size: 44

C:\Program Files\Microchip\xc8\v2.40\pic\sources\c90\common\awmod.c
		___awmod       		CODE           	0560	0000	89

C:\Program Files\Microchip\xc8\v2.40\pic\sources\c90\common\awmod.c estimated size: 89

main.c
		_main          		CODE           	0715	0000	225
		_setup         		CODE           	04F6	0000	40

main.c estimated size: 265

